with nulls: instanceId = i-f444554e
with nulls: instanceType = m3.large
with nulls: accountId = 444444444444
with nulls: pendingTime = 2015-12-02T19:47:57Z
with nulls: imageId = ami-44444444
with nulls: kernelId = aki-44444444
with nulls: architecture = x86_64
with nulls: region = eu-west-1
with nulls: version = 2010-08-31
with nulls: availabilityZone = eu-west-1c
with nulls: privateIp = 10.44.44.4
without nulls: instanceId = i-f444554e
without nulls: instanceType = m3.large
without nulls: accountId = 444444444444
without nulls: pendingTime = 2015-12-02T19:47:57Z
without nulls: imageId = ami-44444444
without nulls: kernelId = aki-44444444
without nulls: architecture = x86_64
without nulls: region = eu-west-1
without nulls: version = 2010-08-31
without nulls: availabilityZone = eu-west-1c
without nulls: privateIp = 10.44.44.4
