[any:any:test_data:run_list:executor] a
[any:any:test_data:run_list:executor] b
[any:any:test_data:run_list:executor] c
[any:any:test_data:run_list:executor] x
[any:any:test_data:run_list:executor] y
[any:any:test_data:run_list:executor] z
[any:any:test_array:run_list:executor] x
[any:any:test_array:run_list:executor] y
[any:any:test_array:run_list:executor] z
[any:any:test_array:run_list:executor] a
[any:any:test_array:run_list:executor] b
[any:any:test_array:run_list:executor] c
[any:any:test_executor_data:executor] a
[any:any:test_executor_data:executor] b
[any:any:test_executor_data:executor] c
[any:any:test_executor_data:executor] x
[any:any:test_executor_data:executor] y
[any:any:test_executor_data:executor] z
[any:any:test_executor_array:executor] x
[any:any:test_executor_array:executor] y
[any:any:test_executor_array:executor] z
[any:any:test_executor_array:executor] a
[any:any:test_executor_array:executor] b
[any:any:test_executor_array:executor] c
