jsonstring = {"boolean":true,"boolean_2":false,"integer":20130111,"integer_2":987654321,"list":["chris","dituri","was","here"],"null":null,"object":{"a":true,"b":[1,2,3],"c":"cat","d":108},"string":"Figaro. Figaro. Figaro, Figaro, Figaro... Figaro!","string_2":"Othello? Where art thou now?"}
keys:json = boolean
keys:json = boolean_2
keys:json = integer
keys:json = integer_2
keys:json = list
keys:json = null
keys:json = object
keys:json = string
keys:json = string_2
primitive:json[boolean] = true
primitive:json[boolean_2] = false
primitive:json[integer] = 20130111
primitive:json[integer_2] = 987654321
primitive:json[null] = null
primitive:json[string] = Figaro. Figaro. Figaro, Figaro, Figaro... Figaro!
primitive:json[string_2] = Othello? Where art thou now?
list:json[0] = chris
list:json[1] = dituri
list:json[2] = was
list:json[3] = here
object:json[a] = true
object:json[c] = cat
object:json[d] = 108
